// Jest Snapshot v1, https://goo.gl/fbAQLP

exports[`Render Logo 1`] = `
<div
  className="logo"
>
  <a
    className="logo__link"
    href="/"
    onClick={[Function]}
  >
    POKEDEX
  </a>
</div>
`;
