// Jest Snapshot v1, https://goo.gl/fbAQLP

exports[`Render Loader 1`] = `
<p
  className="page__text page__text--message"
>
  Loading...
</p>
`;
